Archive member included to satisfy reference by file (symbol)

d:/7.0/toolchain/avr8/avr8-gnu-toolchain/bin/../lib/gcc/avr/5.4.0/avr5\libgcc.a(_exit.o)
                              D:/7.0/Packs/atmel/ATmega_DFP/1.7.374/gcc/dev/atmega32/avr5/crtatmega32.o (exit)
d:/7.0/toolchain/avr8/avr8-gnu-toolchain/bin/../lib/gcc/avr/5.4.0/avr5\libgcc.a(_clear_bss.o)
                              app/app.o (__do_clear_bss)

Discarded input sections

 .data          0x00000000        0x0 D:/7.0/Packs/atmel/ATmega_DFP/1.7.374/gcc/dev/atmega32/avr5/crtatmega32.o
 .bss           0x00000000        0x0 D:/7.0/Packs/atmel/ATmega_DFP/1.7.374/gcc/dev/atmega32/avr5/crtatmega32.o
 .text          0x00000000        0x0 app/app.o
 .data          0x00000000        0x0 app/app.o
 .bss           0x00000000        0x0 app/app.o
 .text          0x00000000        0x0 ECUAL/BUTTON DRIVER/Button.o
 .data          0x00000000        0x0 ECUAL/BUTTON DRIVER/Button.o
 .bss           0x00000000        0x0 ECUAL/BUTTON DRIVER/Button.o
 .text.BUTTON_read
                0x00000000        0x6 ECUAL/BUTTON DRIVER/Button.o
 .text          0x00000000        0x0 ECUAL/LED DRIVER/Led.o
 .data          0x00000000        0x0 ECUAL/LED DRIVER/Led.o
 .bss           0x00000000        0x0 ECUAL/LED DRIVER/Led.o
 .text          0x00000000        0x0 main.o
 .data          0x00000000        0x0 main.o
 .bss           0x00000000        0x0 main.o
 .text          0x00000000        0x0 MCAl/DIO DRIVER/DIO.o
 .data          0x00000000        0x0 MCAl/DIO DRIVER/DIO.o
 .bss           0x00000000        0x0 MCAl/DIO DRIVER/DIO.o
 .text.DIO_read
                0x00000000       0x98 MCAl/DIO DRIVER/DIO.o
 .text          0x00000000        0x0 MCAl/TIMER DRIVER/Timer.o
 .data          0x00000000        0x0 MCAl/TIMER DRIVER/Timer.o
 .bss           0x00000000        0x0 MCAl/TIMER DRIVER/Timer.o
 .text.Timer0_Delay
                0x00000000       0x2e MCAl/TIMER DRIVER/Timer.o
 .text          0x00000000        0x0 d:/7.0/toolchain/avr8/avr8-gnu-toolchain/bin/../lib/gcc/avr/5.4.0/avr5\libgcc.a(_exit.o)
 .data          0x00000000        0x0 d:/7.0/toolchain/avr8/avr8-gnu-toolchain/bin/../lib/gcc/avr/5.4.0/avr5\libgcc.a(_exit.o)
 .bss           0x00000000        0x0 d:/7.0/toolchain/avr8/avr8-gnu-toolchain/bin/../lib/gcc/avr/5.4.0/avr5\libgcc.a(_exit.o)
 .text.libgcc.mul
                0x00000000        0x0 d:/7.0/toolchain/avr8/avr8-gnu-toolchain/bin/../lib/gcc/avr/5.4.0/avr5\libgcc.a(_exit.o)
 .text.libgcc.div
                0x00000000        0x0 d:/7.0/toolchain/avr8/avr8-gnu-toolchain/bin/../lib/gcc/avr/5.4.0/avr5\libgcc.a(_exit.o)
 .text.libgcc   0x00000000        0x0 d:/7.0/toolchain/avr8/avr8-gnu-toolchain/bin/../lib/gcc/avr/5.4.0/avr5\libgcc.a(_exit.o)
 .text.libgcc.prologue
                0x00000000        0x0 d:/7.0/toolchain/avr8/avr8-gnu-toolchain/bin/../lib/gcc/avr/5.4.0/avr5\libgcc.a(_exit.o)
 .text.libgcc.builtins
                0x00000000        0x0 d:/7.0/toolchain/avr8/avr8-gnu-toolchain/bin/../lib/gcc/avr/5.4.0/avr5\libgcc.a(_exit.o)
 .text.libgcc.fmul
                0x00000000        0x0 d:/7.0/toolchain/avr8/avr8-gnu-toolchain/bin/../lib/gcc/avr/5.4.0/avr5\libgcc.a(_exit.o)
 .text.libgcc.fixed
                0x00000000        0x0 d:/7.0/toolchain/avr8/avr8-gnu-toolchain/bin/../lib/gcc/avr/5.4.0/avr5\libgcc.a(_exit.o)
 .text          0x00000000        0x0 d:/7.0/toolchain/avr8/avr8-gnu-toolchain/bin/../lib/gcc/avr/5.4.0/avr5\libgcc.a(_clear_bss.o)
 .data          0x00000000        0x0 d:/7.0/toolchain/avr8/avr8-gnu-toolchain/bin/../lib/gcc/avr/5.4.0/avr5\libgcc.a(_clear_bss.o)
 .bss           0x00000000        0x0 d:/7.0/toolchain/avr8/avr8-gnu-toolchain/bin/../lib/gcc/avr/5.4.0/avr5\libgcc.a(_clear_bss.o)
 .text.libgcc.mul
                0x00000000        0x0 d:/7.0/toolchain/avr8/avr8-gnu-toolchain/bin/../lib/gcc/avr/5.4.0/avr5\libgcc.a(_clear_bss.o)
 .text.libgcc.div
                0x00000000        0x0 d:/7.0/toolchain/avr8/avr8-gnu-toolchain/bin/../lib/gcc/avr/5.4.0/avr5\libgcc.a(_clear_bss.o)
 .text.libgcc   0x00000000        0x0 d:/7.0/toolchain/avr8/avr8-gnu-toolchain/bin/../lib/gcc/avr/5.4.0/avr5\libgcc.a(_clear_bss.o)
 .text.libgcc.prologue
                0x00000000        0x0 d:/7.0/toolchain/avr8/avr8-gnu-toolchain/bin/../lib/gcc/avr/5.4.0/avr5\libgcc.a(_clear_bss.o)
 .text.libgcc.builtins
                0x00000000        0x0 d:/7.0/toolchain/avr8/avr8-gnu-toolchain/bin/../lib/gcc/avr/5.4.0/avr5\libgcc.a(_clear_bss.o)
 .text.libgcc.fmul
                0x00000000        0x0 d:/7.0/toolchain/avr8/avr8-gnu-toolchain/bin/../lib/gcc/avr/5.4.0/avr5\libgcc.a(_clear_bss.o)
 .text.libgcc.fixed
                0x00000000        0x0 d:/7.0/toolchain/avr8/avr8-gnu-toolchain/bin/../lib/gcc/avr/5.4.0/avr5\libgcc.a(_clear_bss.o)

Memory Configuration

Name             Origin             Length             Attributes
text             0x00000000         0x00008000         xr
data             0x00800060         0x00000800         rw !x
eeprom           0x00810000         0x00000400         rw !x
fuse             0x00820000         0x00000002         rw !x
lock             0x00830000         0x00000400         rw !x
signature        0x00840000         0x00000400         rw !x
user_signatures  0x00850000         0x00000400         rw !x
*default*        0x00000000         0xffffffff

Linker script and memory map

LOAD D:/7.0/Packs/atmel/ATmega_DFP/1.7.374/gcc/dev/atmega32/avr5/crtatmega32.o
LOAD app/app.o
LOAD ECUAL/BUTTON DRIVER/Button.o
LOAD ECUAL/LED DRIVER/Led.o
LOAD main.o
LOAD MCAl/DIO DRIVER/DIO.o
LOAD MCAl/TIMER DRIVER/Timer.o
START GROUP
LOAD d:/7.0/toolchain/avr8/avr8-gnu-toolchain/bin/../lib/gcc/avr/5.4.0/../../../../avr/lib/avr5\libm.a
END GROUP
START GROUP
LOAD d:/7.0/toolchain/avr8/avr8-gnu-toolchain/bin/../lib/gcc/avr/5.4.0/avr5\libgcc.a
LOAD d:/7.0/toolchain/avr8/avr8-gnu-toolchain/bin/../lib/gcc/avr/5.4.0/../../../../avr/lib/avr5\libm.a
LOAD d:/7.0/toolchain/avr8/avr8-gnu-toolchain/bin/../lib/gcc/avr/5.4.0/../../../../avr/lib/avr5\libc.a
LOAD D:/7.0/Packs/atmel/ATmega_DFP/1.7.374/gcc/dev/atmega32/avr5\libatmega32.a
END GROUP
                0x00000000                __TEXT_REGION_ORIGIN__ = DEFINED (__TEXT_REGION_ORIGIN__)?__TEXT_REGION_ORIGIN__:0x0
                [0x00800060]                __DATA_REGION_ORIGIN__ = DEFINED (__DATA_REGION_ORIGIN__)?__DATA_REGION_ORIGIN__:0x800060
                [0x00008000]                __TEXT_REGION_LENGTH__ = DEFINED (__TEXT_REGION_LENGTH__)?__TEXT_REGION_LENGTH__:0x20000
                [0x00000800]                __DATA_REGION_LENGTH__ = DEFINED (__DATA_REGION_LENGTH__)?__DATA_REGION_LENGTH__:0xffa0
                [0x00000400]                __EEPROM_REGION_LENGTH__ = DEFINED (__EEPROM_REGION_LENGTH__)?__EEPROM_REGION_LENGTH__:0x10000
                [0x00000002]                __FUSE_REGION_LENGTH__ = DEFINED (__FUSE_REGION_LENGTH__)?__FUSE_REGION_LENGTH__:0x400
                0x00000400                __LOCK_REGION_LENGTH__ = DEFINED (__LOCK_REGION_LENGTH__)?__LOCK_REGION_LENGTH__:0x400
                0x00000400                __SIGNATURE_REGION_LENGTH__ = DEFINED (__SIGNATURE_REGION_LENGTH__)?__SIGNATURE_REGION_LENGTH__:0x400
                0x00000400                __USER_SIGNATURE_REGION_LENGTH__ = DEFINED (__USER_SIGNATURE_REGION_LENGTH__)?__USER_SIGNATURE_REGION_LENGTH__:0x400

.hash
 *(.hash)

.dynsym
 *(.dynsym)

.dynstr
 *(.dynstr)

.gnu.version
 *(.gnu.version)

.gnu.version_d
 *(.gnu.version_d)

.gnu.version_r
 *(.gnu.version_r)

.rel.init
 *(.rel.init)

.rela.init
 *(.rela.init)

.rel.text
 *(.rel.text)
 *(.rel.text.*)
 *(.rel.gnu.linkonce.t*)

.rela.text
 *(.rela.text)
 *(.rela.text.*)
 *(.rela.gnu.linkonce.t*)

.rel.fini
 *(.rel.fini)

.rela.fini
 *(.rela.fini)

.rel.rodata
 *(.rel.rodata)
 *(.rel.rodata.*)
 *(.rel.gnu.linkonce.r*)

.rela.rodata
 *(.rela.rodata)
 *(.rela.rodata.*)
 *(.rela.gnu.linkonce.r*)

.rel.data
 *(.rel.data)
 *(.rel.data.*)
 *(.rel.gnu.linkonce.d*)

.rela.data
 *(.rela.data)
 *(.rela.data.*)
 *(.rela.gnu.linkonce.d*)

.rel.ctors
 *(.rel.ctors)

.rela.ctors
 *(.rela.ctors)

.rel.dtors
 *(.rel.dtors)

.rela.dtors
 *(.rela.dtors)

.rel.got
 *(.rel.got)

.rela.got
 *(.rela.got)

.rel.bss
 *(.rel.bss)

.rela.bss
 *(.rela.bss)

.rel.plt
 *(.rel.plt)

.rela.plt
 *(.rela.plt)

.text           0x00000000      0x630
 *(.vectors)
 .vectors       0x00000000       0x54 D:/7.0/Packs/atmel/ATmega_DFP/1.7.374/gcc/dev/atmega32/avr5/crtatmega32.o
                0x00000000                __vector_default
                0x00000000                __vectors
 *(.vectors)
 *(.progmem.gcc*)
                0x00000054                . = ALIGN (0x2)
                0x00000054                __trampolines_start = .
 *(.trampolines)
 .trampolines   0x00000054        0x0 linker stubs
 *(.trampolines*)
                0x00000054                __trampolines_end = .
 *libprintf_flt.a:*(.progmem.data)
 *libc.a:*(.progmem.data)
 *(.progmem*)
                0x00000054                . = ALIGN (0x2)
 *(.jumptables)
 *(.jumptables*)
 *(.lowtext)
 *(.lowtext*)
                0x00000054                __ctors_start = .
 *(.ctors)
                0x00000054                __ctors_end = .
                0x00000054                __dtors_start = .
 *(.dtors)
                0x00000054                __dtors_end = .
 SORT(*)(.ctors)
 SORT(*)(.dtors)
 *(.init0)
 .init0         0x00000054        0x0 D:/7.0/Packs/atmel/ATmega_DFP/1.7.374/gcc/dev/atmega32/avr5/crtatmega32.o
                0x00000054                __init
 *(.init0)
 *(.init1)
 *(.init1)
 *(.init2)
 .init2         0x00000054        0xc D:/7.0/Packs/atmel/ATmega_DFP/1.7.374/gcc/dev/atmega32/avr5/crtatmega32.o
 *(.init2)
 *(.init3)
 *(.init3)
 *(.init4)
 .init4         0x00000060       0x10 d:/7.0/toolchain/avr8/avr8-gnu-toolchain/bin/../lib/gcc/avr/5.4.0/avr5\libgcc.a(_clear_bss.o)
                0x00000060                __do_clear_bss
 *(.init4)
 *(.init5)
 *(.init5)
 *(.init6)
 *(.init6)
 *(.init7)
 *(.init7)
 *(.init8)
 *(.init8)
 *(.init9)
 .init9         0x00000070        0x8 D:/7.0/Packs/atmel/ATmega_DFP/1.7.374/gcc/dev/atmega32/avr5/crtatmega32.o
 *(.init9)
 *(.text)
 .text          0x00000078        0x4 D:/7.0/Packs/atmel/ATmega_DFP/1.7.374/gcc/dev/atmega32/avr5/crtatmega32.o
                0x00000078                __vector_12
                0x00000078                __bad_interrupt
                0x00000078                __vector_6
                0x00000078                __vector_3
                0x00000078                __vector_13
                0x00000078                __vector_17
                0x00000078                __vector_19
                0x00000078                __vector_7
                0x00000078                __vector_5
                0x00000078                __vector_4
                0x00000078                __vector_9
                0x00000078                __vector_2
                0x00000078                __vector_15
                0x00000078                __vector_8
                0x00000078                __vector_14
                0x00000078                __vector_10
                0x00000078                __vector_16
                0x00000078                __vector_18
                0x00000078                __vector_20
                0x0000007c                . = ALIGN (0x2)
 *(.text.*)
 .text.app_init
                0x0000007c       0x68 app/app.o
                0x0000007c                app_init
 .text.app_star
                0x000000e4       0xdc app/app.o
                0x000000e4                app_star
 .text.__vector_11
                0x000001c0       0x96 app/app.o
                0x000001c0                __vector_11
 .text.__vector_1
                0x00000256       0x2e app/app.o
                0x00000256                __vector_1
 .text.BUTTON_Init
                0x00000284        0x8 ECUAL/BUTTON DRIVER/Button.o
                0x00000284                BUTTON_Init
 .text.LED_Init
                0x0000028c        0xe ECUAL/LED DRIVER/Led.o
                0x0000028c                LED_Init
 .text.LED_on   0x0000029a        0xe ECUAL/LED DRIVER/Led.o
                0x0000029a                LED_on
 .text.LED_off  0x000002a8        0xe ECUAL/LED DRIVER/Led.o
                0x000002a8                LED_off
 .text.LED_toggle
                0x000002b6        0xc ECUAL/LED DRIVER/Led.o
                0x000002b6                LED_toggle
 .text.main     0x000002c2        0xa main.o
                0x000002c2                main
 .text.DIO_init
                0x000002cc      0x10c MCAl/DIO DRIVER/DIO.o
                0x000002cc                DIO_init
 .text.DIO_write
                0x000003d8      0x10c MCAl/DIO DRIVER/DIO.o
                0x000003d8                DIO_write
 .text.DIO_toggle
                0x000004e4       0x80 MCAl/DIO DRIVER/DIO.o
                0x000004e4                DIO_toggle
 .text.Timer0_Set
                0x00000564       0x48 MCAl/TIMER DRIVER/Timer.o
                0x00000564                Timer0_Set
 .text.Timer0_Start
                0x000005ac       0x80 MCAl/TIMER DRIVER/Timer.o
                0x000005ac                Timer0_Start
                0x0000062c                . = ALIGN (0x2)
 *(.fini9)
 .fini9         0x0000062c        0x0 d:/7.0/toolchain/avr8/avr8-gnu-toolchain/bin/../lib/gcc/avr/5.4.0/avr5\libgcc.a(_exit.o)
                0x0000062c                _exit
                0x0000062c                exit
 *(.fini9)
 *(.fini8)
 *(.fini8)
 *(.fini7)
 *(.fini7)
 *(.fini6)
 *(.fini6)
 *(.fini5)
 *(.fini5)
 *(.fini4)
 *(.fini4)
 *(.fini3)
 *(.fini3)
 *(.fini2)
 *(.fini2)
 *(.fini1)
 *(.fini1)
 *(.fini0)
 .fini0         0x0000062c        0x4 d:/7.0/toolchain/avr8/avr8-gnu-toolchain/bin/../lib/gcc/avr/5.4.0/avr5\libgcc.a(_exit.o)
 *(.fini0)
                0x00000630                _etext = .

.data           0x00800060        0x0 load address 0x00000630
                [!provide]                PROVIDE (__data_start, .)
 *(.data)
 *(.data*)
 *(.gnu.linkonce.d*)
 *(.rodata)
 *(.rodata*)
 *(.gnu.linkonce.r*)
                0x00800060                . = ALIGN (0x2)
                0x00800060                _edata = .
                [!provide]                PROVIDE (__data_end, .)

.bss            0x00800060        0x4
                0x00800060                PROVIDE (__bss_start, .)
 *(.bss)
 *(.bss*)
 .bss.Count_overflow0
                0x00800060        0x1 app/app.o
                0x00800060                Count_overflow0
 .bss.Sec_Counter
                0x00800061        0x1 app/app.o
                0x00800061                Sec_Counter
 .bss.Yellow_Stat
                0x00800062        0x1 app/app.o
                0x00800062                Yellow_Stat
 .bss.CAR_Cod   0x00800063        0x1 app/app.o
                0x00800063                CAR_Cod
 *(COMMON)
                0x00800064                PROVIDE (__bss_end, .)
                0x00000630                __data_load_start = LOADADDR (.data)
                0x00000630                __data_load_end = (__data_load_start + SIZEOF (.data))

.noinit         0x00800064        0x0
                [!provide]                PROVIDE (__noinit_start, .)
 *(.noinit*)
                [!provide]                PROVIDE (__noinit_end, .)
                0x00800064                _end = .
                [!provide]                PROVIDE (__heap_start, .)

.eeprom         0x00810000        0x0
 *(.eeprom*)
                0x00810000                __eeprom_end = .

.fuse
 *(.fuse)
 *(.lfuse)
 *(.hfuse)
 *(.efuse)

.lock
 *(.lock*)

.signature
 *(.signature*)

.user_signatures
 *(.user_signatures*)

.stab
 *(.stab)

.stabstr
 *(.stabstr)

.stab.excl
 *(.stab.excl)

.stab.exclstr
 *(.stab.exclstr)

.stab.index
 *(.stab.index)

.stab.indexstr
 *(.stab.indexstr)

.comment        0x00000000       0x30
 *(.comment)
 .comment       0x00000000       0x30 app/app.o
                                 0x31 (size before relaxing)
 .comment       0x00000030       0x31 ECUAL/BUTTON DRIVER/Button.o
 .comment       0x00000030       0x31 ECUAL/LED DRIVER/Led.o
 .comment       0x00000030       0x31 main.o
 .comment       0x00000030       0x31 MCAl/DIO DRIVER/DIO.o
 .comment       0x00000030       0x31 MCAl/TIMER DRIVER/Timer.o

.note.gnu.avr.deviceinfo
                0x00000000       0x3c
 .note.gnu.avr.deviceinfo
                0x00000000       0x3c D:/7.0/Packs/atmel/ATmega_DFP/1.7.374/gcc/dev/atmega32/avr5/crtatmega32.o

.note.gnu.build-id
 *(.note.gnu.build-id)

.debug
 *(.debug)

.line
 *(.line)

.debug_srcinfo
 *(.debug_srcinfo)

.debug_sfnames
 *(.debug_sfnames)

.debug_aranges  0x00000000      0x120
 *(.debug_aranges)
 .debug_aranges
                0x00000000       0x38 app/app.o
 .debug_aranges
                0x00000038       0x28 ECUAL/BUTTON DRIVER/Button.o
 .debug_aranges
                0x00000060       0x38 ECUAL/LED DRIVER/Led.o
 .debug_aranges
                0x00000098       0x20 main.o
 .debug_aranges
                0x000000b8       0x38 MCAl/DIO DRIVER/DIO.o
 .debug_aranges
                0x000000f0       0x30 MCAl/TIMER DRIVER/Timer.o

.debug_pubnames
 *(.debug_pubnames)

.debug_info     0x00000000      0xf29
 *(.debug_info .gnu.linkonce.wi.*)
 .debug_info    0x00000000      0x4e6 D:/7.0/Packs/atmel/ATmega_DFP/1.7.374/gcc/dev/atmega32/avr5/crtatmega32.o
 .debug_info    0x000004e6      0x448 app/app.o
 .debug_info    0x0000092e      0x125 ECUAL/BUTTON DRIVER/Button.o
 .debug_info    0x00000a53      0x1bd ECUAL/LED DRIVER/Led.o
 .debug_info    0x00000c10       0xa6 main.o
 .debug_info    0x00000cb6      0x159 MCAl/DIO DRIVER/DIO.o
 .debug_info    0x00000e0f      0x11a MCAl/TIMER DRIVER/Timer.o

.debug_abbrev   0x00000000      0x826
 *(.debug_abbrev)
 .debug_abbrev  0x00000000      0x4a3 D:/7.0/Packs/atmel/ATmega_DFP/1.7.374/gcc/dev/atmega32/avr5/crtatmega32.o
 .debug_abbrev  0x000004a3       0xe9 app/app.o
 .debug_abbrev  0x0000058c       0x89 ECUAL/BUTTON DRIVER/Button.o
 .debug_abbrev  0x00000615       0x80 ECUAL/LED DRIVER/Led.o
 .debug_abbrev  0x00000695       0x66 main.o
 .debug_abbrev  0x000006fb       0x87 MCAl/DIO DRIVER/DIO.o
 .debug_abbrev  0x00000782       0xa4 MCAl/TIMER DRIVER/Timer.o

.debug_line     0x00000000      0x907
 *(.debug_line .debug_line.* .debug_line_end)
 .debug_line    0x00000000      0x116 D:/7.0/Packs/atmel/ATmega_DFP/1.7.374/gcc/dev/atmega32/avr5/crtatmega32.o
 .debug_line    0x00000116      0x29c app/app.o
 .debug_line    0x000003b2       0xcb ECUAL/BUTTON DRIVER/Button.o
 .debug_line    0x0000047d       0xee ECUAL/LED DRIVER/Led.o
 .debug_line    0x0000056b       0x5b main.o
 .debug_line    0x000005c6      0x1b0 MCAl/DIO DRIVER/DIO.o
 .debug_line    0x00000776      0x191 MCAl/TIMER DRIVER/Timer.o

.debug_frame    0x00000000      0x1fc
 *(.debug_frame)
 .debug_frame   0x00000000       0xac app/app.o
 .debug_frame   0x000000ac       0x34 ECUAL/BUTTON DRIVER/Button.o
 .debug_frame   0x000000e0       0x54 ECUAL/LED DRIVER/Led.o
 .debug_frame   0x00000134       0x24 main.o
 .debug_frame   0x00000158       0x54 MCAl/DIO DRIVER/DIO.o
 .debug_frame   0x000001ac       0x50 MCAl/TIMER DRIVER/Timer.o

.debug_str      0x00000000      0x4a1
 *(.debug_str)
 .debug_str     0x00000000      0x196 D:/7.0/Packs/atmel/ATmega_DFP/1.7.374/gcc/dev/atmega32/avr5/crtatmega32.o
 .debug_str     0x00000196      0x1ba app/app.o
                                0x1dc (size before relaxing)
 .debug_str     0x00000350       0x59 ECUAL/BUTTON DRIVER/Button.o
                                0x15a (size before relaxing)
 .debug_str     0x000003a9       0x3e ECUAL/LED DRIVER/Led.o
                                0x15f (size before relaxing)
 .debug_str     0x000003e7       0x11 main.o
                                0x14a (size before relaxing)
 .debug_str     0x000003f8       0x38 MCAl/DIO DRIVER/DIO.o
                                0x15a (size before relaxing)
 .debug_str     0x00000430       0x71 MCAl/TIMER DRIVER/Timer.o
                                0x17e (size before relaxing)

.debug_loc      0x00000000      0xb5b
 *(.debug_loc)
 .debug_loc     0x00000000      0x107 app/app.o
 .debug_loc     0x00000107       0xaa ECUAL/BUTTON DRIVER/Button.o
 .debug_loc     0x000001b1      0x160 ECUAL/LED DRIVER/Led.o
 .debug_loc     0x00000311      0x682 MCAl/DIO DRIVER/DIO.o
 .debug_loc     0x00000993      0x1c8 MCAl/TIMER DRIVER/Timer.o

.debug_macinfo
 *(.debug_macinfo)

.debug_weaknames
 *(.debug_weaknames)

.debug_funcnames
 *(.debug_funcnames)

.debug_typenames
 *(.debug_typenames)

.debug_varnames
 *(.debug_varnames)

.debug_pubtypes
 *(.debug_pubtypes)

.debug_ranges   0x00000000       0xc0
 *(.debug_ranges)
 .debug_ranges  0x00000000       0x28 app/app.o
 .debug_ranges  0x00000028       0x18 ECUAL/BUTTON DRIVER/Button.o
 .debug_ranges  0x00000040       0x28 ECUAL/LED DRIVER/Led.o
 .debug_ranges  0x00000068       0x10 main.o
 .debug_ranges  0x00000078       0x28 MCAl/DIO DRIVER/DIO.o
 .debug_ranges  0x000000a0       0x20 MCAl/TIMER DRIVER/Timer.o

.debug_macro
 *(.debug_macro)
OUTPUT(GccApplication1.elf elf32-avr)
LOAD linker stubs
